// Jest Snapshot v1, https://goo.gl/fbAQLP

exports[`renders the sidebar 1`] = `
<div
  className="sc-bdVaJa hLTngq"
>
  <span>
    simple text
  </span>
</div>
`;
